================================================================================
MILLION-SCALE PATTERN SEARCH - CHRONOGENESIS MODE
================================================================================
Target: Beat $777 baseline with MILLIONS of tests
CPU Cores: 32

Generating pattern space...
  - Baseline variants...
  - Dual feature interactions...
  - Triple feature combinations...
  - Time-weighted patterns...
  - Percentile patterns...
  - Acceleration patterns...
  - Volatility regime patterns...
  - Conditional multi-step...
  - Ratio patterns...
  - Sequence patterns...
  - MA crossover patterns...
  - Statistical patterns...
✓ Generated 67,132 pattern combinations

Testing across 32 cores...
Chunk size: ~2,098 patterns per core

