2026-02-03 21:51:11,727 - INFO - ============================================================
2026-02-03 21:51:11,727 - INFO - Starting Multi-Asset Opportunity Scan
2026-02-03 21:51:11,727 - INFO - ============================================================
2026-02-03 21:51:11,727 - INFO - Fetching all products from Coinbase...
2026-02-03 21:51:11,925 - INFO - Found 365 active USD pairs
2026-02-03 21:51:11,925 - INFO - Filtering top 75 pairs by volume...
2026-02-03 21:51:12,815 - INFO - Selected 75 pairs for analysis
2026-02-03 21:51:12,816 - INFO - Analyzing 75 pairs for opportunities...
2026-02-03 21:51:13,066 - INFO - ============================================================
2026-02-03 21:51:13,067 - INFO - Scan complete in 1.3 seconds
2026-02-03 21:51:13,067 - INFO - Found 0 opportunities (score >= 50)
2026-02-03 21:51:13,067 - INFO - ============================================================
2026-02-03 21:51:13,067 - INFO - Saved top 0 opportunities to /home/bonsaihorn/.openclaw/workspace/market_opportunities.json
2026-02-03 21:51:30,458 - INFO - ============================================================
2026-02-03 21:51:30,458 - INFO - Starting Multi-Asset Opportunity Scan
2026-02-03 21:51:30,458 - INFO - ============================================================
2026-02-03 21:51:30,458 - INFO - Fetching all products from Coinbase...
2026-02-03 21:51:30,570 - INFO - Found 365 active USD pairs
2026-02-03 21:51:30,574 - INFO - Filtering top 75 pairs by volume...
2026-02-03 21:51:31,396 - INFO - Selected 75 pairs for analysis
2026-02-03 21:51:31,398 - INFO - Analyzing 75 pairs for opportunities...
2026-02-03 21:51:31,712 - INFO - ============================================================
2026-02-03 21:51:31,712 - INFO - Scan complete in 1.3 seconds
2026-02-03 21:51:31,712 - INFO - Found 1 opportunities (score >= 50)
2026-02-03 21:51:31,712 - INFO - ============================================================
2026-02-03 21:51:31,713 - INFO - Saved top 1 opportunities to /home/bonsaihorn/.openclaw/workspace/market_opportunities.json
2026-02-03 21:52:14,345 - INFO - ============================================================
2026-02-03 21:52:14,345 - INFO - Starting Multi-Asset Opportunity Scan
2026-02-03 21:52:14,345 - INFO - ============================================================
2026-02-03 21:52:14,345 - INFO - Fetching all products from Coinbase...
2026-02-03 21:52:14,494 - INFO - Found 365 active USD pairs
2026-02-03 21:52:14,496 - INFO - Filtering top 75 pairs by volume...
2026-02-03 21:52:15,189 - INFO - Selected 75 pairs for analysis
2026-02-03 21:52:15,191 - INFO - Analyzing 75 pairs for opportunities...
2026-02-03 21:52:15,527 - INFO - ============================================================
2026-02-03 21:52:15,530 - INFO - Scan complete in 1.2 seconds
2026-02-03 21:52:15,530 - INFO - Found 0 opportunities (score >= 30)
2026-02-03 21:52:15,530 - INFO - ============================================================
2026-02-03 21:52:15,531 - INFO - Saved top 0 opportunities to /home/bonsaihorn/.openclaw/workspace/market_opportunities.json
2026-02-03 21:52:23,832 - INFO - ============================================================
2026-02-03 21:52:23,832 - INFO - Starting Multi-Asset Opportunity Scan
2026-02-03 21:52:23,832 - INFO - ============================================================
2026-02-03 21:52:23,832 - INFO - Fetching all products from Coinbase...
2026-02-03 21:52:23,967 - INFO - Found 365 active USD pairs
2026-02-03 21:52:23,971 - INFO - Filtering top 75 pairs by volume...
2026-02-03 21:52:24,853 - INFO - Selected 75 pairs for analysis
2026-02-03 21:52:24,854 - INFO - Analyzing 75 pairs for opportunities...
2026-02-03 21:52:25,169 - INFO - ============================================================
2026-02-03 21:52:25,169 - INFO - Scan complete in 1.3 seconds
2026-02-03 21:52:25,169 - INFO - Found 1 opportunities (score >= 30)
2026-02-03 21:52:25,169 - INFO - ============================================================
2026-02-03 21:52:25,173 - INFO - Saved top 1 opportunities to /home/bonsaihorn/.openclaw/workspace/market_opportunities.json
2026-02-03 21:52:29,669 - INFO - ============================================================
2026-02-03 21:52:29,669 - INFO - Starting Multi-Asset Opportunity Scan
2026-02-03 21:52:29,669 - INFO - ============================================================
2026-02-03 21:52:29,669 - INFO - Fetching all products from Coinbase...
2026-02-03 21:52:29,782 - INFO - Found 365 active USD pairs
2026-02-03 21:52:29,782 - INFO - Filtering top 75 pairs by volume...
2026-02-03 21:52:30,899 - INFO - Selected 58 pairs for analysis
2026-02-03 21:52:30,900 - INFO - Analyzing 58 pairs for opportunities...
2026-02-03 21:52:31,132 - INFO - ============================================================
2026-02-03 21:52:31,134 - INFO - Scan complete in 1.5 seconds
2026-02-03 21:52:31,134 - INFO - Found 0 opportunities (score >= 30)
2026-02-03 21:52:31,134 - INFO - ============================================================
2026-02-03 21:52:31,134 - INFO - Saved top 0 opportunities to /home/bonsaihorn/.openclaw/workspace/market_opportunities.json
2026-02-03 21:53:43,975 - INFO - ============================================================
2026-02-03 21:53:43,975 - INFO - Starting Multi-Asset Opportunity Scan
2026-02-03 21:53:43,975 - INFO - ============================================================
2026-02-03 21:53:43,975 - INFO - Fetching all products from Coinbase...
2026-02-03 21:53:44,073 - INFO - Found 365 active USD pairs
2026-02-03 21:53:44,073 - INFO - Filtering top 75 pairs by volume...
2026-02-03 21:53:44,919 - INFO - Selected 75 pairs for analysis
2026-02-03 21:53:44,921 - INFO - Analyzing 75 pairs for opportunities...
2026-02-03 21:53:45,138 - INFO - ============================================================
2026-02-03 21:53:45,140 - INFO - Scan complete in 1.2 seconds
2026-02-03 21:53:45,140 - INFO - Found 1 opportunities (score >= 30)
2026-02-03 21:53:45,140 - INFO - ============================================================
2026-02-03 21:53:45,141 - INFO - Saved top 1 opportunities to /home/bonsaihorn/.openclaw/workspace/market_opportunities.json
2026-02-03 21:54:38,673 - INFO - ============================================================
2026-02-03 21:54:38,673 - INFO - Starting Multi-Asset Opportunity Scan
2026-02-03 21:54:38,673 - INFO - ============================================================
2026-02-03 21:54:38,673 - INFO - Fetching all products from Coinbase...
2026-02-03 21:54:38,855 - INFO - Found 365 active USD pairs
2026-02-03 21:54:38,855 - INFO - Filtering top 75 pairs by volume...
2026-02-03 21:54:39,738 - INFO - Selected 75 pairs for analysis
2026-02-03 21:54:39,741 - INFO - Analyzing 75 pairs for opportunities...
2026-02-03 21:54:40,010 - INFO - ============================================================
2026-02-03 21:54:40,013 - INFO - Scan complete in 1.3 seconds
2026-02-03 21:54:40,013 - INFO - Found 1 opportunities (score >= 30)
2026-02-03 21:54:40,013 - INFO - ============================================================
2026-02-03 21:54:40,014 - INFO - Saved top 1 opportunities to /home/bonsaihorn/.openclaw/workspace/market_opportunities.json
